// Jest Snapshot v1, https://goo.gl/fbAQLP

exports[`Card it works default 1`] = `
.c0 {
  padding: 24px;
  border-radius: 8px;
  box-shadow: 0px 4px 8px 0 rgba(0,0,0,0.25);
}

<div
  class="c0"
>
  <p>
    Lorem ipsum dolor
  </p>
</div>
`;
